[backblue.gif]
[fade.gif]
[index.html]
[sso.unej.ac.id/cas/favicon.ico]
[sso.unej.ac.id/cas/webjars/jquery/3.3.1/jquery.min.js]
[sso.unej.ac.id/cas/themes/unej/js/metro.js]
[sso.unej.ac.id/cas/themes/unej/js/analytics.js]
[sso.unej.ac.id/cas/themes/unej/images/sister.png]
[sso.unej.ac.id/cas/themes/unej/images/kawanda_sso.png]
[sso.unej.ac.id/cas/themes/unej/images/mail.png]
[sso.unej.ac.id/cas/themes/unej/images/header.png]
[sso.unej.ac.id/cas/webjars/zxcvbn/4.3.0/zxcvbn.js]
[sso.unej.ac.id/cas/webjars/jquery-ui/1.12.1/jquery-ui.min.js]
[sso.unej.ac.id/cas/webjars/jquery-cookie/1.4.1-1/jquery.cookie.js]
[sso.unej.ac.id/cas/webjars/bootstrap/4.1.0/js/bootstrap.bundle.min.js]
[sso.unej.ac.id/cas/webjars/headjs/1.0.3/head.min.js]
[sso.unej.ac.id/cas/webjars/store.js/1.3.17/store.min.js]
[sso.unej.ac.id/cas/themes/unej/js/cas.js]
[www.google-analytics.com/analytics.js]
[sso.unej.ac.id/cas/login.html]
[sso.unej.ac.id/cas/webjars/font-awesome/5.0.13/web-fonts-with-css/webfonts/fa-brands-400.eot]
[sso.unej.ac.id/cas/webjars/font-awesome/5.0.13/web-fonts-with-css/webfonts/fa-brands-400d41d.eot]
[sso.unej.ac.id/cas/webjars/font-awesome/5.0.13/web-fonts-with-css/webfonts/fa-brands-400.woff2]
[sso.unej.ac.id/cas/webjars/font-awesome/5.0.13/web-fonts-with-css/webfonts/fa-brands-400.woff]
[sso.unej.ac.id/cas/webjars/font-awesome/5.0.13/web-fonts-with-css/webfonts/fa-brands-400.ttf]
[sso.unej.ac.id/cas/webjars/font-awesome/5.0.13/web-fonts-with-css/webfonts/fa-regular-400.eot]
[sso.unej.ac.id/cas/webjars/font-awesome/5.0.13/web-fonts-with-css/webfonts/fa-regular-400d41d.eot]
[sso.unej.ac.id/cas/webjars/font-awesome/5.0.13/web-fonts-with-css/webfonts/fa-regular-400.woff2]
[sso.unej.ac.id/cas/webjars/font-awesome/5.0.13/web-fonts-with-css/webfonts/fa-regular-400.woff]
[sso.unej.ac.id/cas/webjars/font-awesome/5.0.13/web-fonts-with-css/webfonts/fa-regular-400.ttf]
[sso.unej.ac.id/cas/webjars/font-awesome/5.0.13/web-fonts-with-css/webfonts/fa-solid-900.eot]
[sso.unej.ac.id/cas/webjars/font-awesome/5.0.13/web-fonts-with-css/webfonts/fa-solid-900d41d.eot]
[sso.unej.ac.id/cas/webjars/font-awesome/5.0.13/web-fonts-with-css/webfonts/fa-solid-900.woff2]
[sso.unej.ac.id/cas/webjars/font-awesome/5.0.13/web-fonts-with-css/webfonts/fa-solid-900.woff]
[sso.unej.ac.id/cas/webjars/font-awesome/5.0.13/web-fonts-with-css/webfonts/fa-solid-900.ttf]
[sso.unej.ac.id/cas/webjars/font-awesome/5.0.13/web-fonts-with-css/css/fontawesome-all.min.css]
[sso.unej.ac.id/cas/webjars/lato/0.3.0/font/lato-black/lato-black.eot]
[sso.unej.ac.id/cas/webjars/lato/0.3.0/font/lato-black/lato-blackd41d.eot]
[sso.unej.ac.id/cas/webjars/lato/0.3.0/font/lato-black/lato-black.woff2]
[sso.unej.ac.id/cas/webjars/lato/0.3.0/font/lato-black/lato-black.woff]
[sso.unej.ac.id/cas/webjars/lato/0.3.0/font/lato-black/lato-black.ttf]
[sso.unej.ac.id/cas/webjars/lato/0.3.0/font/lato-blackitalic/lato-blackitalic.eot]
[sso.unej.ac.id/cas/webjars/lato/0.3.0/font/lato-blackitalic/lato-blackitalicd41d.eot]
[sso.unej.ac.id/cas/webjars/lato/0.3.0/font/lato-blackitalic/lato-blackitalic.woff2]
[sso.unej.ac.id/cas/webjars/lato/0.3.0/font/lato-blackitalic/lato-blackitalic.woff]
[sso.unej.ac.id/cas/webjars/lato/0.3.0/font/lato-blackitalic/lato-blackitalic.ttf]
[sso.unej.ac.id/cas/webjars/lato/0.3.0/font/lato-heavy/lato-heavy.eot]
[sso.unej.ac.id/cas/webjars/lato/0.3.0/font/lato-heavy/lato-heavyd41d.eot]
[sso.unej.ac.id/cas/webjars/lato/0.3.0/font/lato-heavy/lato-heavy.woff2]
[sso.unej.ac.id/cas/webjars/lato/0.3.0/font/lato-heavy/lato-heavy.woff]
[sso.unej.ac.id/cas/webjars/lato/0.3.0/font/lato-heavy/lato-heavy.ttf]
[sso.unej.ac.id/cas/webjars/lato/0.3.0/font/lato-heavyitalic/lato-heavyitalic.eot]
[sso.unej.ac.id/cas/webjars/lato/0.3.0/font/lato-heavyitalic/lato-heavyitalicd41d.eot]
[sso.unej.ac.id/cas/webjars/lato/0.3.0/font/lato-heavyitalic/lato-heavyitalic.woff2]
[sso.unej.ac.id/cas/webjars/lato/0.3.0/font/lato-heavyitalic/lato-heavyitalic.woff]
[sso.unej.ac.id/cas/webjars/lato/0.3.0/font/lato-heavyitalic/lato-heavyitalic.ttf]
[sso.unej.ac.id/cas/webjars/lato/0.3.0/font/lato-bold/lato-bold.eot]
[sso.unej.ac.id/cas/webjars/lato/0.3.0/font/lato-bold/lato-boldd41d.eot]
[sso.unej.ac.id/cas/webjars/lato/0.3.0/font/lato-bold/lato-bold.woff2]
[sso.unej.ac.id/cas/webjars/lato/0.3.0/font/lato-bold/lato-bold.woff]
[sso.unej.ac.id/cas/webjars/lato/0.3.0/font/lato-bold/lato-bold.ttf]
[sso.unej.ac.id/cas/webjars/lato/0.3.0/font/lato-bolditalic/lato-bolditalic.eot]
[sso.unej.ac.id/cas/webjars/lato/0.3.0/font/lato-bolditalic/lato-bolditalicd41d.eot]
[sso.unej.ac.id/cas/webjars/lato/0.3.0/font/lato-bolditalic/lato-bolditalic.woff2]
[sso.unej.ac.id/cas/webjars/lato/0.3.0/font/lato-bolditalic/lato-bolditalic.woff]
[sso.unej.ac.id/cas/webjars/lato/0.3.0/font/lato-bolditalic/lato-bolditalic.ttf]
[sso.unej.ac.id/cas/webjars/lato/0.3.0/font/lato-semibold/lato-semibold.eot]
[sso.unej.ac.id/cas/webjars/lato/0.3.0/font/lato-semibold/lato-semiboldd41d.eot]
[sso.unej.ac.id/cas/webjars/lato/0.3.0/font/lato-semibold/lato-semibold.woff2]
[sso.unej.ac.id/cas/webjars/lato/0.3.0/font/lato-semibold/lato-semibold.woff]
[sso.unej.ac.id/cas/webjars/lato/0.3.0/font/lato-semibold/lato-semibold.ttf]
[sso.unej.ac.id/cas/webjars/lato/0.3.0/font/lato-semibolditalic/lato-semibolditalic.eot]
[sso.unej.ac.id/cas/webjars/lato/0.3.0/font/lato-semibolditalic/lato-semibolditalicd41d.eot]
[sso.unej.ac.id/cas/webjars/lato/0.3.0/font/lato-semibolditalic/lato-semibolditalic.woff2]
[sso.unej.ac.id/cas/webjars/lato/0.3.0/font/lato-semibolditalic/lato-semibolditalic.woff]
[sso.unej.ac.id/cas/webjars/lato/0.3.0/font/lato-semibolditalic/lato-semibolditalic.ttf]
[sso.unej.ac.id/cas/webjars/lato/0.3.0/font/lato-medium/lato-medium.eot]
[sso.unej.ac.id/cas/webjars/lato/0.3.0/font/lato-medium/lato-mediumd41d.eot]
[sso.unej.ac.id/cas/webjars/lato/0.3.0/font/lato-medium/lato-medium.woff2]
[sso.unej.ac.id/cas/webjars/lato/0.3.0/font/lato-medium/lato-medium.woff]
[sso.unej.ac.id/cas/webjars/lato/0.3.0/font/lato-medium/lato-medium.ttf]
[sso.unej.ac.id/cas/webjars/lato/0.3.0/font/lato-mediumitalic/lato-mediumitalic.eot]
[sso.unej.ac.id/cas/webjars/lato/0.3.0/font/lato-mediumitalic/lato-mediumitalicd41d.eot]
[sso.unej.ac.id/cas/webjars/lato/0.3.0/font/lato-mediumitalic/lato-mediumitalic.woff2]
[sso.unej.ac.id/cas/webjars/lato/0.3.0/font/lato-mediumitalic/lato-mediumitalic.woff]
[sso.unej.ac.id/cas/webjars/lato/0.3.0/font/lato-mediumitalic/lato-mediumitalic.ttf]
[sso.unej.ac.id/cas/webjars/lato/0.3.0/font/lato-regular/lato-regular.eot]
[sso.unej.ac.id/cas/webjars/lato/0.3.0/font/lato-regular/lato-regulard41d.eot]
[sso.unej.ac.id/cas/webjars/lato/0.3.0/font/lato-regular/lato-regular.woff2]
[sso.unej.ac.id/cas/webjars/lato/0.3.0/font/lato-regular/lato-regular.woff]
[sso.unej.ac.id/cas/webjars/lato/0.3.0/font/lato-regular/lato-regular.ttf]
[sso.unej.ac.id/cas/webjars/lato/0.3.0/font/lato-italic/lato-italic.eot]
[sso.unej.ac.id/cas/webjars/lato/0.3.0/font/lato-italic/lato-italicd41d.eot]
[sso.unej.ac.id/cas/webjars/lato/0.3.0/font/lato-italic/lato-italic.woff2]
[sso.unej.ac.id/cas/webjars/lato/0.3.0/font/lato-italic/lato-italic.woff]
[sso.unej.ac.id/cas/webjars/lato/0.3.0/font/lato-italic/lato-italic.ttf]
[sso.unej.ac.id/cas/webjars/lato/0.3.0/font/lato-light/lato-light.eot]
[sso.unej.ac.id/cas/webjars/lato/0.3.0/font/lato-light/lato-lightd41d.eot]
[sso.unej.ac.id/cas/webjars/lato/0.3.0/font/lato-light/lato-light.woff2]
[sso.unej.ac.id/cas/webjars/lato/0.3.0/font/lato-light/lato-light.woff]
[sso.unej.ac.id/cas/webjars/lato/0.3.0/font/lato-light/lato-light.ttf]
[sso.unej.ac.id/cas/webjars/lato/0.3.0/font/lato-lightitalic/lato-lightitalic.eot]
[sso.unej.ac.id/cas/webjars/lato/0.3.0/font/lato-lightitalic/lato-lightitalicd41d.eot]
[sso.unej.ac.id/cas/webjars/lato/0.3.0/font/lato-lightitalic/lato-lightitalic.woff2]
[sso.unej.ac.id/cas/webjars/lato/0.3.0/font/lato-lightitalic/lato-lightitalic.ttf]
[sso.unej.ac.id/cas/webjars/lato/0.3.0/font/lato-thin/lato-thin.eot]
[sso.unej.ac.id/cas/webjars/lato/0.3.0/font/lato-thin/lato-thind41d.eot]
[sso.unej.ac.id/cas/webjars/lato/0.3.0/font/lato-thin/lato-thin.woff2]
[sso.unej.ac.id/cas/webjars/lato/0.3.0/font/lato-thin/lato-thin.woff]
[sso.unej.ac.id/cas/webjars/lato/0.3.0/font/lato-thin/lato-thin.ttf]
[sso.unej.ac.id/cas/webjars/lato/0.3.0/font/lato-thinitalic/lato-thinitalic.eot]
[sso.unej.ac.id/cas/webjars/lato/0.3.0/font/lato-thinitalic/lato-thinitalicd41d.eot]
[sso.unej.ac.id/cas/webjars/lato/0.3.0/font/lato-thinitalic/lato-thinitalic.woff2]
[sso.unej.ac.id/cas/webjars/lato/0.3.0/font/lato-thinitalic/lato-thinitalic.woff]
[sso.unej.ac.id/cas/webjars/lato/0.3.0/font/lato-thinitalic/lato-thinitalic.ttf]
[sso.unej.ac.id/cas/webjars/lato/0.3.0/font/lato-hairline/lato-hairline.eot]
[sso.unej.ac.id/cas/webjars/lato/0.3.0/font/lato-hairline/lato-hairlined41d.eot]
[sso.unej.ac.id/cas/webjars/lato/0.3.0/font/lato-hairline/lato-hairline.woff2]
[sso.unej.ac.id/cas/webjars/lato/0.3.0/font/lato-hairline/lato-hairline.woff]
[sso.unej.ac.id/cas/webjars/lato/0.3.0/font/lato-hairline/lato-hairline.ttf]
[sso.unej.ac.id/cas/webjars/lato/0.3.0/font/lato-hairlineitalic/lato-hairlineitalic.eot]
[sso.unej.ac.id/cas/webjars/lato/0.3.0/font/lato-hairlineitalic/lato-hairlineitalicd41d.eot]
[sso.unej.ac.id/cas/webjars/lato/0.3.0/font/lato-hairlineitalic/lato-hairlineitalic.woff2]
[sso.unej.ac.id/cas/webjars/lato/0.3.0/font/lato-hairlineitalic/lato-hairlineitalic.woff]
[sso.unej.ac.id/cas/webjars/lato/0.3.0/font/lato-hairlineitalic/lato-hairlineitalic.ttf]
[sso.unej.ac.id/cas/webjars/lato/0.3.0/css/lato.min.css]
[sso.unej.ac.id/cas/themes/unej/images/bg.jpg]
[sso.unej.ac.id/cas/themes/unej/images/error.gif]
[sso.unej.ac.id/cas/themes/unej/images/confirm.gif]
[sso.unej.ac.id/cas/themes/unej/images/info.gif]
[sso.unej.ac.id/cas/themes/unej/css/cas2.css]
[sso.unej.ac.id/cas/themes/unej/css/DXI1ORHCpsQm3Vp6mXoaTZ1r3JsPcQLi8jytr04NNhU.woff]
[sso.unej.ac.id/cas/themes/unej/css/K88pR3goAWT7BTt32Z01mz8E0i7KZn-EPnyo3HZu7kw.woff]
[sso.unej.ac.id/cas/themes/unej/css/k3k702ZOKiLJc3WVjuplzJ1r3JsPcQLi8jytr04NNhU.woff]
[sso.unej.ac.id/cas/themes/unej/css/metro.css]
[sso.unej.ac.id/cas/themes/unej/css/metro.woff]
[sso.unej.ac.id/cas/themes/unej/css/metro-icons.css]
[sso.unej.ac.id/cas/themes/unej/css/metro-responsive.css]
[sso.unej.ac.id/cas/themes/unej/css/metro-schemes.css]
[sso.unej.ac.id/cas/js/analytics.html]
[sso.unej.ac.id/cas/themes/unej/images/7.svg]
[sso.unej.ac.id/cas/themes/unej/images/1.svg]
[sso.unej.ac.id/cas/themes/unej/images/2.svg]
[sso.unej.ac.id/cas/themes/unej/images/3.svg]
[sso.unej.ac.id/cas/themes/unej/images/6.svg]
[sso.unej.ac.id/cas/themes/unej/images/8.svg]
[sso.unej.ac.id/cas/themes/unej/images/key.svg]
[sso.unej.ac.id/cas/webjars/font-awesome/5.0.13/web-fonts-with-css/webfonts/fa-brands-400.svg]
[sso.unej.ac.id/cas/webjars/font-awesome/5.0.13/web-fonts-with-css/webfonts/fa-regular-400.svg]
[sso.unej.ac.id/cas/webjars/font-awesome/5.0.13/web-fonts-with-css/webfonts/fa-solid-900.svg]
[sso.unej.ac.id/cas/webjars/lato/0.3.0/font/lato-black/lato-black.svg]
[sso.unej.ac.id/cas/webjars/lato/0.3.0/font/lato-blackitalic/lato-blackitalic.svg]
[sso.unej.ac.id/cas/webjars/lato/0.3.0/font/lato-heavy/lato-heavy.svg]
[sso.unej.ac.id/cas/webjars/lato/0.3.0/font/lato-heavyitalic/lato-heavyitalic.svg]
[sso.unej.ac.id/cas/webjars/lato/0.3.0/font/lato-bold/lato-bold.svg]
[sso.unej.ac.id/cas/webjars/lato/0.3.0/font/lato-bolditalic/lato-bolditalic.svg]
[sso.unej.ac.id/cas/webjars/lato/0.3.0/font/lato-semibold/lato-semibold.svg]
[sso.unej.ac.id/cas/webjars/lato/0.3.0/font/lato-semibolditalic/lato-semibolditalic.svg]
[sso.unej.ac.id/cas/webjars/lato/0.3.0/font/lato-medium/lato-medium.svg]
[sso.unej.ac.id/cas/webjars/lato/0.3.0/font/lato-mediumitalic/lato-mediumitalic.svg]
[sso.unej.ac.id/cas/webjars/lato/0.3.0/font/lato-regular/lato-regular.svg]
[sso.unej.ac.id/cas/webjars/lato/0.3.0/font/lato-italic/lato-italic.svg]
[sso.unej.ac.id/cas/webjars/lato/0.3.0/font/lato-light/lato-light.svg]
[sso.unej.ac.id/cas/webjars/lato/0.3.0/font/lato-lightitalic/lato-lightitalic.svg]
[sso.unej.ac.id/cas/webjars/lato/0.3.0/font/lato-thin/lato-thin.svg]
[sso.unej.ac.id/cas/webjars/lato/0.3.0/font/lato-thinitalic/lato-thinitalic.svg]
[sso.unej.ac.id/cas/webjars/lato/0.3.0/font/lato-hairline/lato-hairline.svg]
[sso.unej.ac.id/cas/webjars/lato/0.3.0/font/lato-hairlineitalic/lato-hairlineitalic.svg]
[sso.unej.ac.id/cas/themes/unej/css/7xkFOeTxxO1GMC1suOUYWWhBabBbEjGd1iRmpyoZukE.html]
[sso.unej.ac.id/cas/themes/unej/fonts/metro.html]
[sso.unej.ac.id/cas/themes/unej/fonts/metro-2.html]
[sso.unej.ac.id/cas/themes/unej/fonts/metro-3.html]
